
> aitoolsbox-io@0.1.0 build
> next build

  Γû▓ Next.js 14.2.33

   Creating an optimized production build ...
 Γ£ô Compiled successfully
   Linting and checking validity of types ...
node.exe : Failed to 
compile.
At C:\Program 
Files\nodejs\npm.ps1:29 
char:3
+   & $NODE_EXE $NPM_CLI_JS 
$args
+   ~~~~~~~~~~~~~~~~~~~~~~~~
~~~~~
    + CategoryInfo          
    : NotSpecified: (Faile  
  d to compile.:String) [   
 ], RemoteException
    + FullyQualifiedErrorId 
    : NativeCommandError
 

./app/shortcut-prompt/page.t
sx:168:49
Type error: Parameter 
'text' implicitly has an 
'any' type.

[0m [90m 166 |[39m[0m
[0m [90m 167 |[39m   
[90m// safe clipboard 
function[39m[0m
[0m[31m[1m>[22m[39m[90
m 168 |[39m   
[36mconst[39m 
safeWriteClipboard 
[33m=[39m 
useCallback([36masync[39m 
(text) [33m=>[39m {[0m
[0m [90m     |[39m       
                            
              
[31m[1m^[22m[39m[0m
[0m [90m 169 |[39m     
[36mif[39m 
([33m![39mtext) {[0m
[0m [90m 170 |[39m       
setMessage({ 
type[33m:[39m [32m'error'
[39m[33m,[39m 
text[33m:[39m 
[32m'Nothing to copy'[39m 
})[33m;[39m[0m
[0m [90m 171 |[39m       
[36mreturn[39m [36mfalse
[39m[33m;[39m[0m
Next.js build worker exited 
with code: 1 and signal: 
null
